\BOOKMARK [1][-]{section.0}{\376\377\000P\000r\000e\000s\000e\000n\000t\000a\000c\000i\000\363\000n}{}% 1
\BOOKMARK [2][-]{subsection.0.1}{\376\377\000P\000o\000r\000t\000a\000d\000a}{section.0}% 2
\BOOKMARK [2][-]{subsection.0.2}{\376\377\000A\000g\000r\000a\000d\000e\000c\000i\000m\000i\000e\000n\000t\000o\000s\000\040\000y\000\040\000d\000e\000d\000i\000c\000a\000t\000o\000r\000i\000a}{section.0}% 3
\BOOKMARK [2][-]{subsection.0.3}{\376\377\000\315\000n\000d\000i\000c\000e\000\040\000d\000e\000l\000\040\000d\000o\000c\000u\000m\000e\000n\000t\000o}{section.0}% 4
\BOOKMARK [2][-]{subsection.0.4}{\376\377\000L\000i\000s\000t\000a\000\040\000d\000e\000\040\000i\000m\000\341\000g\000e\000n\000e\000s}{section.0}% 5
\BOOKMARK [2][-]{subsection.0.5}{\376\377\000L\000i\000s\000t\000a\000\040\000d\000e\000\040\000t\000a\000b\000l\000a\000s}{section.0}% 6
\BOOKMARK [1][-]{section.1}{\376\377\000E\000s\000t\000u\000d\000i\000o\000\040\000d\000e\000l\000\040\000p\000r\000o\000b\000l\000e\000m\000a\000\040\000y\000\040\000a\000n\000\341\000l\000i\000s\000i\000s\000\040\000d\000e\000l\000\040\000s\000i\000s\000t\000e\000m\000a}{}% 7
\BOOKMARK [2][-]{subsection.1.1}{\376\377\000I\000n\000t\000r\000o\000d\000u\000c\000c\000i\000\363\000n}{section.1}% 8
\BOOKMARK [2][-]{subsection.1.2}{\376\377\000D\000e\000s\000c\000r\000i\000p\000c\000i\000\363\000n\000\040\000d\000e\000\040\000l\000a\000\040\000a\000p\000l\000i\000c\000a\000c\000i\000\363\000n\000.\000\040\000M\000o\000t\000i\000v\000a\000c\000i\000\363\000n\000.\000\040\000F\000i\000n\000a\000l\000i\000d\000a\000d}{section.1}% 9
\BOOKMARK [2][-]{subsection.1.3}{\376\377\000O\000b\000j\000e\000t\000i\000v\000o\000s\000\040\000f\000u\000n\000c\000i\000o\000n\000a\000l\000e\000s\000,\000\040\000t\000\351\000c\000n\000i\000c\000o\000s\000\040\000y\000\040\000p\000e\000r\000s\000o\000n\000a\000l\000e\000s}{section.1}% 10
\BOOKMARK [1][-]{section.2}{\376\377\000R\000e\000c\000u\000r\000s\000o\000s\000\040\000n\000e\000c\000e\000s\000a\000r\000i\000o\000s\000\040\000p\000a\000r\000a\000\040\000e\000l\000\040\000d\000e\000s\000a\000r\000r\000o\000l\000l\000o}{}% 11
\BOOKMARK [2][-]{subsection.2.1}{\376\377\000R\000e\000c\000u\000r\000s\000o\000s\000\040\000h\000u\000m\000a\000n\000o\000s}{section.2}% 12
\BOOKMARK [2][-]{subsection.2.2}{\376\377\000R\000e\000c\000u\000r\000s\000o\000s\000\040\000h\000a\000r\000d\000w\000a\000r\000e}{section.2}% 13
\BOOKMARK [2][-]{subsection.2.3}{\376\377\000R\000e\000c\000u\000r\000s\000o\000s\000\040\000s\000o\000f\000t\000w\000a\000r\000e}{section.2}% 14
\BOOKMARK [2][-]{subsection.2.4}{\376\377\000T\000e\000c\000n\000o\000l\000o\000g\000\355\000a\000s\000\040\000u\000t\000i\000l\000i\000z\000a\000d\000a\000s}{section.2}% 15
\BOOKMARK [3][-]{subsubsection.2.4.1}{\376\377\000I\000n\000v\000e\000s\000t\000i\000g\000a\000c\000i\000\363\000n\000\040\000t\000e\000c\000n\000o\000l\000\363\000g\000i\000c\000a\000\040\000r\000e\000a\000l\000i\000z\000a\000d\000a}{subsection.2.4}% 16
\BOOKMARK [3][-]{subsubsection.2.4.2}{\376\377\000V\000e\000r\000c\000e\000l\000,\000\040\000d\000e\000s\000p\000l\000i\000e\000g\000u\000e\000,\000\040\000r\000e\000p\000o\000s\000i\000t\000o\000r\000i\000o\000\040\000y\000\040\000v\000e\000r\000s\000i\000o\000n\000a\000d\000o}{subsection.2.4}% 17
\BOOKMARK [4][-]{paragraph.2.4.2.1}{\376\377\000Q\000u\000\351\000\040\000e\000s}{subsubsection.2.4.2}% 18
\BOOKMARK [4][-]{paragraph.2.4.2.2}{\376\377\000C\000\363\000m\000o\000\040\000f\000u\000n\000c\000i\000o\000n\000a}{subsubsection.2.4.2}% 19
\BOOKMARK [4][-]{paragraph.2.4.2.3}{\376\377\000P\000a\000r\000a\000\040\000q\000u\000\351\000\040\000s\000e\000\040\000u\000s\000a\000\040\000e\000n\000\040\000e\000l\000\040\000p\000r\000o\000y\000e\000c\000t\000o}{subsubsection.2.4.2}% 20
\BOOKMARK [3][-]{subsubsection.2.4.3}{\376\377\000R\000e\000a\000c\000t}{subsection.2.4}% 21
\BOOKMARK [4][-]{paragraph.2.4.3.1}{\376\377\000Q\000u\000\351\000\040\000e\000s}{subsubsection.2.4.3}% 22
\BOOKMARK [4][-]{paragraph.2.4.3.2}{\376\377\000C\000\363\000m\000o\000\040\000f\000u\000n\000c\000i\000o\000n\000a}{subsubsection.2.4.3}% 23
\BOOKMARK [4][-]{paragraph.2.4.3.3}{\376\377\000P\000a\000r\000a\000\040\000q\000u\000\351\000\040\000s\000e\000\040\000u\000s\000a\000\040\000e\000n\000\040\000e\000l\000\040\000p\000r\000o\000y\000e\000c\000t\000o}{subsubsection.2.4.3}% 24
\BOOKMARK [3][-]{subsubsection.2.4.4}{\376\377\000S\000S\000R\000\040\000y\000\040\000r\000e\000n\000d\000e\000r\000i\000z\000a\000d\000o\000\040\000d\000e\000\040\000l\000a\000\040\000a\000p\000l\000i\000c\000a\000c\000i\000\363\000n}{subsection.2.4}% 25
\BOOKMARK [4][-]{paragraph.2.4.4.1}{\376\377\000Q\000u\000\351\000\040\000e\000s}{subsubsection.2.4.4}% 26
\BOOKMARK [4][-]{paragraph.2.4.4.2}{\376\377\000C\000\363\000m\000o\000\040\000f\000u\000n\000c\000i\000o\000n\000a}{subsubsection.2.4.4}% 27
\BOOKMARK [4][-]{paragraph.2.4.4.3}{\376\377\000P\000a\000r\000a\000\040\000q\000u\000\351\000\040\000s\000e\000\040\000u\000s\000a\000\040\000e\000n\000\040\000e\000l\000\040\000p\000r\000o\000y\000e\000c\000t\000o}{subsubsection.2.4.4}% 28
\BOOKMARK [3][-]{subsubsection.2.4.5}{\376\377\000T\000a\000i\000l\000w\000i\000n\000d\000\040\000C\000S\000S}{subsection.2.4}% 29
\BOOKMARK [4][-]{paragraph.2.4.5.1}{\376\377\000Q\000u\000\351\000\040\000e\000s}{subsubsection.2.4.5}% 30
\BOOKMARK [4][-]{paragraph.2.4.5.2}{\376\377\000C\000\363\000m\000o\000\040\000f\000u\000n\000c\000i\000o\000n\000a}{subsubsection.2.4.5}% 31
\BOOKMARK [4][-]{paragraph.2.4.5.3}{\376\377\000P\000a\000r\000a\000\040\000q\000u\000\351\000\040\000s\000e\000\040\000u\000s\000a\000\040\000e\000n\000\040\000e\000l\000\040\000p\000r\000o\000y\000e\000c\000t\000o}{subsubsection.2.4.5}% 32
\BOOKMARK [3][-]{subsubsection.2.4.6}{\376\377\000R\000e\000a\000c\000t\000\040\000C\000a\000l\000e\000n\000d\000a\000r}{subsection.2.4}% 33
\BOOKMARK [4][-]{paragraph.2.4.6.1}{\376\377\000Q\000u\000\351\000\040\000e\000s}{subsubsection.2.4.6}% 34
\BOOKMARK [4][-]{paragraph.2.4.6.2}{\376\377\000C\000\363\000m\000o\000\040\000f\000u\000n\000c\000i\000o\000n\000a}{subsubsection.2.4.6}% 35
\BOOKMARK [4][-]{paragraph.2.4.6.3}{\376\377\000P\000a\000r\000a\000\040\000q\000u\000\351\000\040\000s\000e\000\040\000u\000s\000a\000\040\000e\000n\000\040\000e\000l\000\040\000p\000r\000o\000y\000e\000c\000t\000o}{subsubsection.2.4.6}% 36
\BOOKMARK [3][-]{subsubsection.2.4.7}{\376\377\000R\000e\000c\000h\000a\000r\000t\000s}{subsection.2.4}% 37
\BOOKMARK [4][-]{paragraph.2.4.7.1}{\376\377\000Q\000u\000\351\000\040\000e\000s}{subsubsection.2.4.7}% 38
\BOOKMARK [4][-]{paragraph.2.4.7.2}{\376\377\000C\000\363\000m\000o\000\040\000f\000u\000n\000c\000i\000o\000n\000a}{subsubsection.2.4.7}% 39
\BOOKMARK [4][-]{paragraph.2.4.7.3}{\376\377\000P\000a\000r\000a\000\040\000q\000u\000\351\000\040\000s\000e\000\040\000u\000s\000a\000\040\000e\000n\000\040\000e\000l\000\040\000p\000r\000o\000y\000e\000c\000t\000o}{subsubsection.2.4.7}% 40
\BOOKMARK [3][-]{subsubsection.2.4.8}{\376\377\000j\000s\000P\000D\000F}{subsection.2.4}% 41
\BOOKMARK [4][-]{paragraph.2.4.8.1}{\376\377\000Q\000u\000\351\000\040\000e\000s}{subsubsection.2.4.8}% 42
\BOOKMARK [4][-]{paragraph.2.4.8.2}{\376\377\000C\000\363\000m\000o\000\040\000f\000u\000n\000c\000i\000o\000n\000a}{subsubsection.2.4.8}% 43
\BOOKMARK [4][-]{paragraph.2.4.8.3}{\376\377\000P\000a\000r\000a\000\040\000q\000u\000\351\000\040\000s\000e\000\040\000u\000s\000a\000\040\000e\000n\000\040\000e\000l\000\040\000p\000r\000o\000y\000e\000c\000t\000o}{subsubsection.2.4.8}% 44
\BOOKMARK [1][-]{section.3}{\376\377\000P\000l\000a\000n\000i\000f\000i\000c\000a\000c\000i\000\363\000n\000.\000\040\000\277\000Q\000u\000\351\000\040\000s\000e\000\040\000v\000a\000\040\000a\000\040\000h\000a\000c\000e\000r\000\040\000y\000\040\000c\000u\000\341\000n\000t\000o\000\040\000t\000i\000e\000m\000p\000o\000\040\000s\000e\000\040\000p\000r\000e\000v\000\351\000\040\000q\000u\000e\000\040\000n\000e\000c\000e\000s\000i\000t\000a\000r\000\341\000?}{}% 45
\BOOKMARK [2][-]{subsection.3.1}{\376\377\000M\000e\000t\000o\000d\000o\000l\000o\000g\000\355\000a\000\040\000p\000a\000r\000a\000\040\000e\000l\000\040\000d\000i\000s\000e\000\361\000o\000\040\000d\000e\000l\000\040\000p\000r\000o\000y\000e\000c\000t\000o}{section.3}% 46
\BOOKMARK [2][-]{subsection.3.2}{\376\377\000T\000a\000b\000l\000a\000\040\000d\000e\000\040\000a\000c\000t\000i\000v\000i\000d\000a\000d\000e\000s\000,\000\040\000c\000\341\000l\000c\000u\000l\000o\000\040\000d\000e\000\040\000t\000i\000e\000m\000p\000o\000s\000\040\000y\000\040\000d\000i\000a\000g\000r\000a\000m\000a\000\040\000d\000e\000\040\000G\000a\000n\000t\000t}{section.3}% 47
\BOOKMARK [2][-]{subsection.3.3}{\376\377\000S\000e\000c\000u\000e\000n\000c\000i\000a\000\040\000d\000e\000\040\000d\000e\000s\000a\000r\000r\000o\000l\000l\000o\000\040\000d\000e\000l\000\040\000p\000r\000o\000y\000e\000c\000t\000o}{section.3}% 48
\BOOKMARK [2][-]{subsection.3.4}{\376\377\000V\000e\000r\000s\000i\000o\000n\000a\000d\000o\000\040\000d\000e\000\040\000l\000a\000\040\000a\000p\000l\000i\000c\000a\000c\000i\000\363\000n\000:\000\040\000G\000i\000t\000,\000\040\000r\000a\000m\000a\000s\000\040\000y\000\040\000p\000u\000l\000l\000\040\000r\000e\000q\000u\000e\000s\000t\000s}{section.3}% 49
\BOOKMARK [3][-]{subsubsection.3.4.1}{\376\377\000U\000s\000o\000\040\000d\000e\000\040\000c\000o\000m\000m\000i\000t\000s}{subsection.3.4}% 50
\BOOKMARK [3][-]{subsubsection.3.4.2}{\376\377\000R\000a\000m\000a\000s\000\040\000f\000u\000n\000c\000i\000o\000n\000a\000l\000e\000s}{subsection.3.4}% 51
\BOOKMARK [3][-]{subsubsection.3.4.3}{\376\377\000P\000u\000l\000l\000\040\000r\000e\000q\000u\000e\000s\000t\000s\000\040\000e\000\040\000i\000n\000t\000e\000g\000r\000a\000c\000i\000\363\000n}{subsection.3.4}% 52
\BOOKMARK [3][-]{subsubsection.3.4.4}{\376\377\000V\000e\000n\000t\000a\000j\000a\000s\000\040\000a\000p\000o\000r\000t\000a\000d\000a\000s\000\040\000a\000l\000\040\000p\000r\000o\000y\000e\000c\000t\000o}{subsection.3.4}% 53
\BOOKMARK [2][-]{subsection.3.5}{\376\377\000P\000r\000o\000t\000o\000t\000i\000p\000o\000\040\000a\000c\000t\000u\000a\000l\000i\000z\000a\000d\000o}{section.3}% 54
\BOOKMARK [1][-]{section.4}{\376\377\000D\000e\000s\000a\000r\000r\000o\000l\000l\000o\000\040\000d\000e\000l\000\040\000p\000r\000o\000y\000e\000c\000t\000o\000.\000\040\000\277\000Q\000u\000\351\000\040\000s\000e\000\040\000h\000a\000\040\000h\000e\000c\000h\000o\000\040\000r\000e\000a\000l\000m\000e\000n\000t\000e\000\040\000y\000\040\000c\000u\000\341\000n\000t\000o\000\040\000t\000i\000e\000m\000p\000o\000\040\000s\000e\000\040\000h\000a\000\040\000n\000e\000c\000e\000s\000i\000t\000a\000d\000o\000?}{}% 55
\BOOKMARK [2][-]{subsection.4.1}{\376\377\000S\000e\000c\000u\000e\000n\000c\000i\000a\000\040\000r\000e\000a\000l\000\040\000d\000e\000l\000\040\000d\000e\000s\000a\000r\000r\000o\000l\000l\000o\000\040\000d\000e\000l\000\040\000p\000r\000o\000y\000e\000c\000t\000o}{section.4}% 56
\BOOKMARK [3][-]{subsubsection.4.1.1}{\376\377\000V\000a\000r\000i\000a\000c\000i\000o\000n\000e\000s\000\040\000r\000e\000s\000p\000e\000c\000t\000o\000\040\000a\000l\000\040\000p\000l\000a\000n\000\040\000i\000n\000i\000c\000i\000a\000l}{subsection.4.1}% 57
\BOOKMARK [2][-]{subsection.4.2}{\376\377\000D\000i\000a\000g\000r\000a\000m\000a\000\040\000r\000e\000l\000a\000c\000i\000o\000n\000a\000l\000,\000\040\000d\000i\000a\000g\000r\000a\000m\000a\000s\000\040\000d\000e\000\040\000c\000l\000a\000s\000e\000s\000\040\000y\000\040\000l\000\363\000g\000i\000c\000a\000\040\000d\000e\000\040\000l\000a\000\040\000a\000p\000l\000i\000c\000a\000c\000i\000\363\000n}{section.4}% 58
\BOOKMARK [3][-]{subsubsection.4.2.1}{\376\377\000M\000o\000d\000e\000l\000o\000\040\000r\000e\000l\000a\000c\000i\000o\000n\000a\000l}{subsection.4.2}% 59
\BOOKMARK [3][-]{subsubsection.4.2.2}{\376\377\000T\000a\000b\000l\000a\000s\000\040\000d\000e\000\040\000b\000a\000s\000e\000\040\000d\000e\000\040\000d\000a\000t\000o\000s\000\040\000d\000e\000t\000a\000l\000l\000a\000d\000a\000s}{subsection.4.2}% 60
\BOOKMARK [4][-]{paragraph.4.2.2.1}{\376\377\000E\000x\000t\000r\000a\000s}{subsubsection.4.2.2}% 61
\BOOKMARK [4][-]{paragraph.4.2.2.2}{\376\377\000R\000e\000s\000e\000r\000v\000a\000s}{subsubsection.4.2.2}% 62
\BOOKMARK [4][-]{paragraph.4.2.2.3}{\376\377\000R\000e\000s\000e\000r\000v\000a\000s\000\040\000e\000x\000t\000r\000a\000s}{subsubsection.4.2.2}% 63
\BOOKMARK [4][-]{paragraph.4.2.2.4}{\376\377\000T\000e\000m\000p\000o\000r\000a\000d\000a\000s\000\040\000p\000r\000e\000c\000i\000o\000s}{subsubsection.4.2.2}% 64
\BOOKMARK [4][-]{paragraph.4.2.2.5}{\376\377\000U\000s\000u\000a\000r\000i\000o\000s}{subsubsection.4.2.2}% 65
\BOOKMARK [4][-]{paragraph.4.2.2.6}{\376\377\000S\000u\000p\000a\000b\000a\000s\000e\000\040\000S\000t\000o\000r\000a\000g\000e\000\040\000y\000\040\000f\000u\000n\000c\000i\000o\000n\000e\000s\000\040\000R\000P\000C}{subsubsection.4.2.2}% 66
\BOOKMARK [3][-]{subsubsection.4.2.3}{\376\377\000E\000s\000t\000r\000u\000c\000t\000u\000r\000a\000\040\000d\000e\000\040\000c\000l\000a\000s\000e\000s\000/\000c\000o\000m\000p\000o\000n\000e\000n\000t\000e\000s\000\040\000a\000c\000t\000u\000a\000l}{subsection.4.2}% 67
\BOOKMARK [3][-]{subsubsection.4.2.4}{\376\377\000L\000\363\000g\000i\000c\000a\000\040\000a\000c\000t\000u\000a\000l\000\040\000d\000e\000\040\000l\000a\000\040\000a\000p\000l\000i\000c\000a\000c\000i\000\363\000n}{subsection.4.2}% 68
\BOOKMARK [2][-]{subsection.4.3}{\376\377\000I\000n\000t\000e\000r\000a\000c\000c\000i\000\363\000n\000\040\000c\000o\000n\000\040\000e\000l\000\040\000u\000s\000u\000a\000r\000i\000o}{section.4}% 69
\BOOKMARK [3][-]{subsubsection.4.3.1}{\376\377\000C\000a\000s\000o\000s\000\040\000d\000e\000\040\000u\000s\000o\000\040\000/\000\040\000h\000i\000s\000t\000o\000r\000i\000a\000s\000\040\000d\000e\000\040\000u\000s\000u\000a\000r\000i\000o}{subsection.4.3}% 70
\BOOKMARK [2][-]{subsection.4.4}{\376\377\000D\000i\000s\000e\000\361\000o\000\040\000d\000e\000\040\000l\000a\000\040\000i\000n\000t\000e\000r\000f\000a\000z}{section.4}% 71
\BOOKMARK [2][-]{subsection.4.5}{\376\377\000C\000\363\000d\000i\000g\000o\000\040\000f\000u\000e\000n\000t\000e}{section.4}% 72
\BOOKMARK [3][-]{subsubsection.4.5.1}{\376\377\000R\000e\000a\000c\000t\000:\000\040\000c\000o\000n\000t\000r\000o\000l\000\040\000d\000e\000\040\000r\000u\000t\000a\000s\000\040\000y\000\040\000c\000o\000m\000p\000o\000s\000i\000c\000i\000\363\000n\000\040\000d\000e\000\040\000p\000\341\000g\000i\000n\000a\000s}{subsection.4.5}% 73
\BOOKMARK [3][-]{subsubsection.4.5.2}{\376\377\000S\000u\000p\000a\000b\000a\000s\000e\000:\000\040\000i\000n\000i\000c\000i\000a\000l\000i\000z\000a\000c\000i\000\363\000n\000\040\000s\000e\000g\000u\000r\000a\000\040\000d\000e\000l\000\040\000c\000l\000i\000e\000n\000t\000e}{subsection.4.5}% 74
\BOOKMARK [3][-]{subsubsection.4.5.3}{\376\377\000R\000e\000s\000e\000r\000v\000a\000s\000:\000\040\000c\000\341\000l\000c\000u\000l\000o\000\040\000d\000e\000\040\000p\000r\000e\000c\000i\000o\000s\000,\000\040\000e\000x\000t\000r\000a\000s\000\040\000y\000\040\000p\000e\000r\000s\000i\000s\000t\000e\000n\000c\000i\000a}{subsection.4.5}% 75
\BOOKMARK [3][-]{subsubsection.4.5.4}{\376\377\000R\000e\000a\000c\000t\000\040\000C\000a\000l\000e\000n\000d\000a\000r\000:\000\040\000d\000i\000s\000p\000o\000n\000i\000b\000i\000l\000i\000d\000a\000d\000\040\000y\000\040\000e\000s\000t\000a\000d\000o\000s\000\040\000v\000i\000s\000u\000a\000l\000e\000s}{subsection.4.5}% 76
\BOOKMARK [3][-]{subsubsection.4.5.5}{\376\377\000T\000a\000i\000l\000w\000i\000n\000d\000\040\000C\000S\000S\000:\000\040\000p\000e\000r\000s\000o\000n\000a\000l\000i\000z\000a\000c\000i\000\363\000n\000\040\000v\000i\000s\000u\000a\000l\000\040\000d\000e\000l\000\040\000c\000a\000l\000e\000n\000d\000a\000r\000i\000o}{subsection.4.5}% 77
\BOOKMARK [3][-]{subsubsection.4.5.6}{\376\377\000S\000u\000p\000a\000b\000a\000s\000e\000\040\000S\000t\000o\000r\000a\000g\000e\000:\000\040\000g\000a\000l\000e\000r\000\355\000a\000\040\000d\000i\000n\000\341\000m\000i\000c\000a}{subsection.4.5}% 78
\BOOKMARK [3][-]{subsubsection.4.5.7}{\376\377\000R\000e\000c\000h\000a\000r\000t\000s\000:\000\040\000m\000\351\000t\000r\000i\000c\000a\000s\000\040\000d\000e\000l\000\040\000d\000a\000s\000h\000b\000o\000a\000r\000d}{subsection.4.5}% 79
\BOOKMARK [3][-]{subsubsection.4.5.8}{\376\377\000j\000s\000P\000D\000F\000:\000\040\000g\000e\000n\000e\000r\000a\000c\000i\000\363\000n\000\040\000d\000e\000\040\000d\000o\000c\000u\000m\000e\000n\000t\000o\000s\000\040\000d\000e\000\040\000r\000e\000s\000e\000r\000v\000a}{subsection.4.5}% 80
\BOOKMARK [3][-]{subsubsection.4.5.9}{\376\377\000V\000e\000r\000c\000e\000l\000:\000\040\000c\000o\000n\000f\000i\000g\000u\000r\000a\000c\000i\000\363\000n\000\040\000d\000e\000\040\000r\000u\000t\000a\000s\000\040\000S\000P\000A}{subsection.4.5}% 81
\BOOKMARK [1][-]{section.5}{\376\377\000F\000a\000s\000e\000\040\000d\000e\000\040\000p\000r\000u\000e\000b\000a\000s}{}% 82
\BOOKMARK [2][-]{subsection.5.1}{\376\377\000P\000r\000u\000e\000b\000a\000s\000\040\000r\000e\000a\000l\000i\000z\000a\000d\000a\000s}{section.5}% 83
\BOOKMARK [3][-]{subsubsection.5.1.1}{\376\377\000P\000r\000u\000e\000b\000a\000s\000\040\000p\000e\000n\000d\000i\000e\000n\000t\000e\000s\000\040\000d\000e\000\040\000a\000u\000t\000o\000m\000a\000t\000i\000z\000a\000r}{subsection.5.1}% 84
\BOOKMARK [1][-]{section.6}{\376\377\000C\000o\000n\000c\000l\000u\000s\000i\000o\000n\000e\000s\000\040\000f\000i\000n\000a\000l\000e\000s}{}% 85
\BOOKMARK [2][-]{subsection.6.1}{\376\377\000R\000e\000f\000l\000e\000x\000i\000\363\000n\000\040\000s\000o\000b\000r\000e\000\040\000r\000e\000s\000u\000l\000t\000a\000d\000o\000s\000\040\000o\000b\000t\000e\000n\000i\000d\000o\000s}{section.6}% 86
\BOOKMARK [2][-]{subsection.6.2}{\376\377\000G\000r\000a\000d\000o\000\040\000d\000e\000\040\000c\000u\000m\000p\000l\000i\000m\000i\000e\000n\000t\000o\000\040\000d\000e\000\040\000o\000b\000j\000e\000t\000i\000v\000o\000s}{section.6}% 87
\BOOKMARK [2][-]{subsection.6.3}{\376\377\000P\000r\000o\000p\000u\000e\000s\000t\000a\000s\000\040\000d\000e\000\040\000m\000o\000d\000i\000f\000i\000c\000a\000c\000i\000\363\000n\000\040\000o\000\040\000a\000m\000p\000l\000i\000a\000c\000i\000\363\000n\000\040\000f\000u\000t\000u\000r\000a}{section.6}% 88
\BOOKMARK [3][-]{subsubsection.6.3.1}{\376\377\000V\000a\000l\000i\000d\000a\000c\000i\000\363\000n\000\040\000a\000v\000a\000n\000z\000a\000d\000a\000\040\000d\000e\000\040\000s\000o\000l\000a\000p\000e\000s\000\040\000y\000\040\000b\000l\000o\000q\000u\000e\000o\000s}{subsection.6.3}% 89
\BOOKMARK [3][-]{subsubsection.6.3.2}{\376\377\000V\000i\000s\000t\000a\000\040\000d\000e\000\040\000r\000e\000s\000e\000r\000v\000a\000s\000\040\000p\000a\000r\000a\000\040\000c\000l\000i\000e\000n\000t\000e\000s}{subsection.6.3}% 90
\BOOKMARK [3][-]{subsubsection.6.3.3}{\376\377\000E\000x\000p\000o\000r\000t\000a\000c\000i\000o\000n\000e\000s\000\040\000e\000\040\000i\000n\000f\000o\000r\000m\000e\000s\000\040\000g\000e\000n\000e\000r\000a\000l\000e\000s}{subsection.6.3}% 91
\BOOKMARK [3][-]{subsubsection.6.3.4}{\376\377\000N\000o\000t\000i\000f\000i\000c\000a\000c\000i\000o\000n\000e\000s\000\040\000y\000\040\000c\000o\000r\000r\000e\000o\000s\000\040\000a\000u\000t\000o\000m\000\341\000t\000i\000c\000o\000s}{subsection.6.3}% 92
\BOOKMARK [3][-]{subsubsection.6.3.5}{\376\377\000P\000r\000u\000e\000b\000a\000s\000\040\000a\000u\000t\000o\000m\000a\000t\000i\000z\000a\000d\000a\000s}{subsection.6.3}% 93
\BOOKMARK [3][-]{subsubsection.6.3.6}{\376\377\000V\000e\000r\000s\000i\000\363\000n\000\040\000P\000W\000A}{subsection.6.3}% 94
\BOOKMARK [1][-]{section.7}{\376\377\000D\000i\000f\000i\000c\000u\000l\000t\000a\000d\000e\000s\000\040\000y\000\040\000p\000r\000o\000b\000l\000e\000m\000a\000s\000\040\000f\000u\000n\000d\000a\000m\000e\000n\000t\000a\000l\000e\000s\000\040\000e\000n\000c\000o\000n\000t\000r\000a\000d\000o\000s}{}% 95
\BOOKMARK [2][-]{subsection.7.1}{\376\377\000A\000c\000t\000u\000a\000l\000i\000z\000a\000c\000i\000\363\000n\000\040\000d\000e\000\040\000l\000a\000\040\000d\000o\000c\000u\000m\000e\000n\000t\000a\000c\000i\000\363\000n\000\040\000f\000r\000e\000n\000t\000e\000\040\000a\000l\000\040\000e\000s\000t\000a\000d\000o\000\040\000r\000e\000a\000l}{section.7}% 96
\BOOKMARK [2][-]{subsection.7.2}{\376\377\000I\000n\000v\000e\000s\000t\000i\000g\000a\000c\000i\000\363\000n\000\040\000d\000e\000\040\000t\000e\000c\000n\000o\000l\000o\000g\000\355\000a\000s\000\040\000n\000u\000e\000v\000a\000s}{section.7}% 97
\BOOKMARK [2][-]{subsection.7.3}{\376\377\000G\000e\000s\000t\000i\000\363\000n\000\040\000d\000e\000\040\000d\000a\000t\000o\000s\000\040\000r\000e\000l\000a\000c\000i\000o\000n\000a\000d\000o\000s}{section.7}% 98
\BOOKMARK [2][-]{subsection.7.4}{\376\377\000D\000i\000s\000p\000o\000n\000i\000b\000i\000l\000i\000d\000a\000d\000,\000\040\000f\000e\000c\000h\000a\000s\000\040\000y\000\040\000s\000o\000l\000a\000p\000e\000s}{section.7}% 99
\BOOKMARK [2][-]{subsection.7.5}{\376\377\000S\000u\000p\000a\000b\000a\000s\000e\000\040\000A\000u\000t\000h\000\040\000y\000\040\000t\000a\000b\000l\000a\000\040\000d\000e\000\040\000u\000s\000u\000a\000r\000i\000o\000s}{section.7}% 100
\BOOKMARK [2][-]{subsection.7.6}{\376\377\000G\000a\000l\000e\000r\000\355\000a\000\040\000c\000o\000n\000\040\000S\000u\000p\000a\000b\000a\000s\000e\000\040\000S\000t\000o\000r\000a\000g\000e}{section.7}% 101
\BOOKMARK [2][-]{subsection.7.7}{\376\377\000D\000a\000s\000h\000b\000o\000a\000r\000d\000\040\000a\000d\000m\000i\000n\000i\000s\000t\000r\000a\000t\000i\000v\000o}{section.7}% 102
\BOOKMARK [2][-]{subsection.7.8}{\376\377\000G\000e\000n\000e\000r\000a\000c\000i\000\363\000n\000\040\000d\000e\000\040\000d\000o\000c\000u\000m\000e\000n\000t\000o\000s\000\040\000P\000D\000F}{section.7}% 103
\BOOKMARK [2][-]{subsection.7.9}{\376\377\000D\000e\000s\000p\000l\000i\000e\000g\000u\000e\000\040\000y\000\040\000r\000u\000t\000a\000s\000\040\000S\000P\000A\000\040\000e\000n\000\040\000V\000e\000r\000c\000e\000l}{section.7}% 104
\BOOKMARK [1][-]{section.8}{\376\377\000D\000o\000c\000u\000m\000e\000n\000t\000a\000c\000i\000\363\000n\000\040\000d\000e\000l\000\040\000s\000i\000s\000t\000e\000m\000a\000\040\000d\000e\000s\000a\000r\000r\000o\000l\000l\000a\000d\000o}{}% 105
\BOOKMARK [2][-]{subsection.8.1}{\376\377\000M\000a\000n\000u\000a\000l\000\040\000d\000e\000\040\000i\000n\000s\000t\000a\000l\000a\000c\000i\000\363\000n}{section.8}% 106
\BOOKMARK [3][-]{subsubsection.8.1.1}{\376\377\000R\000e\000q\000u\000i\000s\000i\000t\000o\000s\000\040\000p\000r\000e\000v\000i\000o\000s}{subsection.8.1}% 107
\BOOKMARK [3][-]{subsubsection.8.1.2}{\376\377\000I\000n\000s\000t\000a\000l\000a\000c\000i\000\363\000n\000\040\000l\000o\000c\000a\000l}{subsection.8.1}% 108
\BOOKMARK [3][-]{subsubsection.8.1.3}{\376\377\000E\000j\000e\000c\000u\000c\000i\000\363\000n\000\040\000y\000\040\000d\000e\000s\000p\000l\000i\000e\000g\000u\000e}{subsection.8.1}% 109
\BOOKMARK [2][-]{subsection.8.2}{\376\377\000M\000a\000n\000u\000a\000l\000\040\000d\000e\000\040\000u\000s\000o}{section.8}% 110
\BOOKMARK [3][-]{subsubsection.8.2.1}{\376\377\000U\000s\000u\000a\000r\000i\000o\000\040\000v\000i\000s\000i\000t\000a\000n\000t\000e}{subsection.8.2}% 111
\BOOKMARK [3][-]{subsubsection.8.2.2}{\376\377\000C\000l\000i\000e\000n\000t\000e}{subsection.8.2}% 112
\BOOKMARK [3][-]{subsubsection.8.2.3}{\376\377\000A\000d\000m\000i\000n\000i\000s\000t\000r\000a\000d\000o\000r}{subsection.8.2}% 113
\BOOKMARK [1][-]{section.9}{\376\377\000B\000i\000b\000l\000i\000o\000g\000r\000a\000f\000\355\000a}{}% 114
\BOOKMARK [1][-]{section.10}{\376\377\000A\000n\000e\000x\000o\000s}{}% 115
\BOOKMARK [2][-]{subsection.10.1}{\376\377\000A\000n\000e\000x\000o\000\040\000I\000.\000\040\000E\000s\000t\000r\000u\000c\000t\000u\000r\000a\000\040\000p\000r\000i\000n\000c\000i\000p\000a\000l\000\040\000d\000e\000l\000\040\000p\000r\000o\000y\000e\000c\000t\000o}{section.10}% 116
\BOOKMARK [2][-]{subsection.10.2}{\376\377\000A\000n\000e\000x\000o\000\040\000I\000I\000.\000\040\000V\000a\000r\000i\000a\000b\000l\000e\000s\000\040\000d\000e\000\040\000e\000n\000t\000o\000r\000n\000o}{section.10}% 117
\BOOKMARK [2][-]{subsection.10.3}{\376\377\000A\000n\000e\000x\000o\000\040\000I\000I\000I\000.\000\040\000R\000u\000t\000a\000s\000\040\000p\000r\000i\000n\000c\000i\000p\000a\000l\000e\000s}{section.10}% 118
\BOOKMARK [2][-]{subsection.10.4}{\376\377\000A\000n\000e\000x\000o\000\040\000I\000V\000.\000\040\000V\000e\000r\000i\000f\000i\000c\000a\000c\000i\000\363\000n\000\040\000e\000j\000e\000c\000u\000t\000a\000d\000a}{section.10}% 119
